// Jest Snapshot v1, https://goo.gl/fbAQLP

exports[`snapshot test 1`] = `
<DocumentFragment>
  <div>
    <h1>
      Not found
    </h1>
  </div>
</DocumentFragment>
`;
